// Jest Snapshot v1, https://goo.gl/fbAQLP

exports[`<App /> should render correctly 1`] = `
<div
  className="app-container"
>
  <div
    className="container app-content"
  >
    <div
      className="section"
    >
      <div
        className="title is-3 has-text-centered"
      >
        Employees List
      </div>
      <div
        className="box employee-item clickable"
        onClick={[Function]}
        onKeyDown={[Function]}
        role="button"
        style={
          Object {
            "backgroundColor": undefined,
          }
        }
        tabIndex="0"
      >
        <div
          className="media "
        >
          <figure
            className="media-left"
          >
            <p
              className="image is-64x64"
            >
              <img
                alt="Bugs Bunny"
                src="https://imgc.allpostersimages.com/img/print/poster/bugs-bunny_a-G-10260056-0.jpg"
              />
            </p>
          </figure>
          <div
            className="media-content "
          >
            <div
              className="content"
            >
              <h3
                className="title is-5 mb-1"
              >
                Bugs Bunny
              </h3>
              <p
                className="text-ellipsis"
              >
                Bugs Bunny is an animated cartoon character, created in the late 1930s by Leon Schlesinger Productions and voiced originally by Mel Blanc. Bugs is best known for his starring roles in the Looney Tunes and Merrie Melodies series of animated short films, produced by Warner Bros.
              </p>
            </div>
          </div>
        </div>
      </div>
      <div
        className="box employee-item clickable"
        onClick={[Function]}
        onKeyDown={[Function]}
        role="button"
        style={
          Object {
            "backgroundColor": undefined,
          }
        }
        tabIndex="0"
      >
        <div
          className="media "
        >
          <div
            className="media-content expand"
          >
            <div
              className="content"
            >
              <h3
                className="title is-5 mb-1"
              >
                Tasmanian Devil
              </h3>
              <p
                className="text-ellipsis"
              >
                The Tasmanian Devil, commonly referred to as Taz, is an animated cartoon character featured in the Warner Bros. Looney Tunes and Merrie Melodies series of cartoons. The Tasmanian Devil, commonly referred to as Taz, is an animated cartoon character featured in the Warner Bros. Looney Tunes and Merrie Melodies series of cartoons.
              </p>
            </div>
          </div>
        </div>
      </div>
      <div
        className="box employee-item clickable"
        onClick={[Function]}
        onKeyDown={[Function]}
        role="button"
        style={
          Object {
            "backgroundColor": undefined,
          }
        }
        tabIndex="0"
      >
        <div
          className="media "
        >
          <figure
            className="media-left"
          >
            <p
              className="image is-64x64"
            >
              <img
                alt="Daffy Duck"
                src="https://vignette.wikia.nocookie.net/parody/images/2/2e/Daffy-duck.png/revision/latest?cb=20180523005334"
              />
            </p>
          </figure>
          <div
            className="media-content "
          >
            <div
              className="content"
            >
              <h3
                className="title is-5 mb-1"
              >
                Daffy Duck
              </h3>
              <p
                className="text-ellipsis"
              >
                Daffy Duck is an animated cartoon character produced by Warner Bros. Styled as an anthropomorphic black duck, the character has appeared in cartoon series such as Looney Tunes and Merrie Melodies, in which he usually has been depicted as a foil for Bugs Bunny.
              </p>
            </div>
          </div>
        </div>
      </div>
      <div
        className="box employee-item clickable"
        onClick={[Function]}
        onKeyDown={[Function]}
        role="button"
        style={
          Object {
            "backgroundColor": undefined,
          }
        }
        tabIndex="0"
      >
        <div
          className="media "
        >
          <figure
            className="media-left"
          >
            <p
              className="image is-64x64"
            >
              <img
                alt="Tweety"
                src="https://vignette.wikia.nocookie.net/looneytunes/images/e/e7/Tweety1.gif/revision/latest?cb=20140406233615"
              />
            </p>
          </figure>
          <div
            className="media-content "
          >
            <div
              className="content"
            >
              <h3
                className="title is-5 mb-1"
              >
                Tweety
              </h3>
              <p
                className="text-ellipsis"
              >
                Tweety is an animated fictional yellow canary in the Warner Bros. Looney Tunes and Merrie Melodies series of animated cartoons. The name "Tweety" is a play on words, as it originally meant "sweetie", along with "tweet" being a typical English chick for the sounds of birds.
              </p>
            </div>
          </div>
        </div>
      </div>
    </div>
  </div>
  <footer
    className="footer hero is-link"
  >
    <p
      className="content has-text-centered"
    >
      Thats all Folks!
    </p>
  </footer>
</div>
`;
